...............,,,,,,,,,,,,,,,,,,''''''''''''''''''''''''''''''',,,,,,,,,,,,,,,,
............,,,,,,,,,,,,''''''''''''''''''''''''''''~~~~~~==~~~~~'''''''',,,,,,,
..........,,,,,,,,,''''''''''''''''''''''''''~~~~~~~~~==++<&:+++=~~~~~~''''''',,
........,,,,,,,'''''''''''''''''''''''''~~~~~~~~~~~====+::;/&O/[:+==~~~~~~~'''''
.......,,,,'''''''''''''''''''''''''~~~~~~~~~~~~====++:? x    O<O/+=====~~~~~~''
.....,,,,''''''''''''''''''''''''~~~~~~~~~~===+++++::;;<         [;::+++====~~~~
....,,,''''''''''''''''''''''~~~~~~~~=====+:[x O&//X X           # ?  [;;;;&/:=~
...,,''''''''''''''''''''~~~~==========+++:;[<                              /;+=
..,'''''''''''''''~~~~=+++++======+++++::[                                 &[:++
.,'''''''~~~~~~~~====++Ox/[[;[/x/[;;;;;;/                                      &
.'''~~~~~~~~~~======+::;[?           ?<&?                                    &?+
.'~~~~~~~~~=====++;<[[[<                                                      :+
.===+++;;::++:;;;//o                                                        ;:+=
.===+++;;::++:;;;//o                                                        ;:+=
.'~~~~~~~~~=====++;&[[[<                                                      :+
.'''~~~~~~~~~~======+::;[?           ?<&?                                    &?+
.,'''''''~~~~~~~~====++Ox/[[;[/x/[;;;;;;/                                      &
..,'''''''''''''''~~~~=+++++======+++++::[                                 &[:++
...,,''''''''''''''''''''~~~~==========+++:;[<                              /;+=
....,,,''''''''''''''''''''''~~~~~~~~=====+:[x O&//X X           # ?  [;;;;&/:=~
.....,,,,''''''''''''''''''''''''~~~~~~~~~~===+++++::;;<         [;::+++====~~~~
.......,,,,'''''''''''''''''''''''''~~~~~~~~~~~~====++:? x    O<O/+=====~~~~~~''
........,,,,,,,'''''''''''''''''''''''''~~~~~~~~~~~====+::;/&O/[:+==~~~~~~~'''''
..........,,,,,,,,,''''''''''''''''''''''''''~~~~~~~~~==++<&:+++=~~~~~~''''''',,
............,,,,,,,,,,,,''''''''''''''''''''''''''''~~~~~~==~~~~~'''''''',,,,,,,
